// Jest Snapshot v1, https://goo.gl/fbAQLP

exports[`Expo plugin should run the plugin without error 1`] = `
Object {
  "_internal": Object {
    "projectRoot": "dummy-path",
  },
  "mods": Object {
    "android": Object {
      "projectBuildGradle": [Function],
    },
  },
  "name": "dummy",
  "slug": "dummy",
}
`;
